{
  "version": "1.5.0",
  "plugins_used": [
    {
      "name": "ArtifactoryDetector"
    },
    {
      "name": "AWSKeyDetector"
    },
    {
      "name": "AzureStorageKeyDetector"
    },
    {
      "name": "Base64HighEntropyString",
      "limit": 4.5
    },
    {
      "name": "BasicAuthDetector"
    },
    {
      "name": "CloudantDetector"
    },
    {
      "name": "DiscordBotTokenDetector"
    },
    {
      "name": "GitHubTokenDetector"
    },
    {
      "name": "GitLabTokenDetector"
    },
    {
      "name": "HexHighEntropyString",
      "limit": 3.0
    },
    {
      "name": "IbmCloudIamDetector"
    },
    {
      "name": "IbmCosHmacDetector"
    },
    {
      "name": "IPPublicDetector"
    },
    {
      "name": "JwtTokenDetector"
    },
    {
      "name": "KeywordDetector",
      "keyword_exclude": ""
    },
    {
      "name": "MailchimpDetector"
    },
    {
      "name": "NpmDetector"
    },
    {
      "name": "OpenAIDetector"
    },
    {
      "name": "PrivateKeyDetector"
    },
    {
      "name": "PypiTokenDetector"
    },
    {
      "name": "SendGridDetector"
    },
    {
      "name": "SlackDetector"
    },
    {
      "name": "SoftlayerDetector"
    },
    {
      "name": "SquareOAuthDetector"
    },
    {
      "name": "StripeDetector"
    },
    {
      "name": "TelegramBotTokenDetector"
    },
    {
      "name": "TwilioKeyDetector"
    }
  ],
  "filters_used": [
    {
      "path": "detect_secrets.filters.allowlist.is_line_allowlisted"
    },
    {
      "path": "detect_secrets.filters.common.is_ignored_due_to_verification_policies",
      "min_level": 2
    },
    {
      "path": "detect_secrets.filters.heuristic.is_indirect_reference"
    },
    {
      "path": "detect_secrets.filters.heuristic.is_likely_id_string"
    },
    {
      "path": "detect_secrets.filters.heuristic.is_lock_file"
    },
    {
      "path": "detect_secrets.filters.heuristic.is_not_alphanumeric_string"
    },
    {
      "path": "detect_secrets.filters.heuristic.is_potential_uuid"
    },
    {
      "path": "detect_secrets.filters.heuristic.is_prefixed_with_dollar_sign"
    },
    {
      "path": "detect_secrets.filters.heuristic.is_sequential_string"
    },
    {
      "path": "detect_secrets.filters.heuristic.is_swagger_file"
    },
    {
      "path": "detect_secrets.filters.heuristic.is_templated_secret"
    },
    {
      "path": "detect_secrets.filters.regex.should_exclude_file",
      "pattern": [
        "^(legacy/|node_modules/|\\.git/|.*\\.pytest_cache/)"
      ]
    }
  ],
  "results": {
    "platforms/hermes/agent-skills/spec-driven-development/sdd-orchestrator/governance/AI_PR_Review/AI_AGENT_REVIEW_WORKFLOW.md": [
      {
        "type": "Base64 High Entropy String",
        "filename": "platforms/hermes/agent-skills/spec-driven-development/sdd-orchestrator/governance/AI_PR_Review/AI_AGENT_REVIEW_WORKFLOW.md",
        "hashed_secret": "ad25a6336d1e9d17ebcb63216b3b0cd7f18e1bf1",
        "is_verified": false,
        "line_number": 693
      }
    ],
    "platforms/hermes/agent-skills/spec-driven-development/sdd-orchestrator/governance/AI_PR_Review/LOCAL_SETUP.md": [
      {
        "type": "Secret Keyword",
        "filename": "platforms/hermes/agent-skills/spec-driven-development/sdd-orchestrator/governance/AI_PR_Review/LOCAL_SETUP.md",
        "hashed_secret": "19e662368a1065e8e98fdb0d0ec341e3382132cc",
        "is_verified": false,
        "line_number": 118
      },
      {
        "type": "Secret Keyword",
        "filename": "platforms/hermes/agent-skills/spec-driven-development/sdd-orchestrator/governance/AI_PR_Review/LOCAL_SETUP.md",
        "hashed_secret": "c7a8c334eef5d1749fface7d42c66f9ae5e8cf36",
        "is_verified": false,
        "line_number": 188
      }
    ],
    "platforms/hermes/agent-skills/spec-driven-development/sdd-orchestrator/governance/github/GITHUB_WORKFLOWS.md": [
      {
        "type": "GitHub Token",
        "filename": "platforms/hermes/agent-skills/spec-driven-development/sdd-orchestrator/governance/github/GITHUB_WORKFLOWS.md",
        "hashed_secret": "e175c6f5f2a92e8623bd9a4820edb4e8c1b0fd10",
        "is_verified": false,
        "line_number": 868
      }
    ],
    "platforms/hermes/agent-skills/spec-driven-development/sdd-orchestrator/governance/scripts/project_setup/cloud/aws/setup-iam-oidc.sh": [
      {
        "type": "Hex High Entropy String",
        "filename": "platforms/hermes/agent-skills/spec-driven-development/sdd-orchestrator/governance/scripts/project_setup/cloud/aws/setup-iam-oidc.sh",
        "hashed_secret": "cbc1f47e57ba98544b156d9f7d45542e9475686f",
        "is_verified": false,
        "line_number": 55
      }
    ],
    "platforms/hermes/agent-skills/spec-driven-development/sdd-orchestrator/governance/scripts/workflows/validate_project_setup.py": [
      {
        "type": "Secret Keyword",
        "filename": "platforms/hermes/agent-skills/spec-driven-development/sdd-orchestrator/governance/scripts/workflows/validate_project_setup.py",
        "hashed_secret": "c267b646441a206d44803d8cb20896c4a166cac2",
        "is_verified": false,
        "line_number": 74
      }
    ],
    "platforms/hermes/agent-skills/spec-driven-development/sdd-orchestrator/governance/setup/CLOUD_GUIDE.md": [
      {
        "type": "Hex High Entropy String",
        "filename": "platforms/hermes/agent-skills/spec-driven-development/sdd-orchestrator/governance/setup/CLOUD_GUIDE.md",
        "hashed_secret": "cbc1f47e57ba98544b156d9f7d45542e9475686f",
        "is_verified": false,
        "line_number": 135
      }
    ],
    "platforms/hermes/agent-skills/spec-driven-development/sdd-orchestrator/governance/templates/GCP-DEPLOYMENT.md": [
      {
        "type": "Secret Keyword",
        "filename": "platforms/hermes/agent-skills/spec-driven-development/sdd-orchestrator/governance/templates/GCP-DEPLOYMENT.md",
        "hashed_secret": "e54aa9667f83da4b74145182b2fffb8ab8b5a1f1",
        "is_verified": false,
        "line_number": 150
      }
    ],
    "platforms/hermes/agent-skills/spec-driven-development/sdd-orchestrator/governance/templates/docker-compose.test.yml": [
      {
        "type": "Secret Keyword",
        "filename": "platforms/hermes/agent-skills/spec-driven-development/sdd-orchestrator/governance/templates/docker-compose.test.yml",
        "hashed_secret": "a94a8fe5ccb19ba61c4c0873d391e987982fbbd3",
        "is_verified": false,
        "line_number": 33
      }
    ],
    "platforms/hermes/agent-skills/spec-driven-development/sdd-orchestrator/governance/templates/qa/06-security-testing.md": [
      {
        "type": "Secret Keyword",
        "filename": "platforms/hermes/agent-skills/spec-driven-development/sdd-orchestrator/governance/templates/qa/06-security-testing.md",
        "hashed_secret": "f2b14f68eb995facb3a1c35287b778d5bd785511",
        "is_verified": false,
        "line_number": 33
      }
    ],
    "platforms/hermes/agent-skills/spec-driven-development/sdd-orchestrator/references/subagent-bdd-remediation-session-2026-05-08.md": [
      {
        "type": "Secret Keyword",
        "filename": "platforms/hermes/agent-skills/spec-driven-development/sdd-orchestrator/references/subagent-bdd-remediation-session-2026-05-08.md",
        "hashed_secret": "17bb10d3f44323963c21bf3c97341ebb5accf05e",
        "is_verified": false,
        "line_number": 44
      }
    ],
    "platforms/hermes/prompts/templates/remediation/UCRem_PROMPT_TSPEC.md": [
      {
        "type": "Basic Auth Credentials",
        "filename": "platforms/hermes/prompts/templates/remediation/UCRem_PROMPT_TSPEC.md",
        "hashed_secret": "a94a8fe5ccb19ba61c4c0873d391e987982fbbd3",
        "is_verified": false,
        "line_number": 307
      }
    ],
    "platforms/hermes/src/mcp_server/executor/registry.py": [
      {
        "type": "Secret Keyword",
        "filename": "platforms/hermes/src/mcp_server/executor/registry.py",
        "hashed_secret": "cf2dd018b16de4cb42a6801e3847da2b2d3f055f",
        "is_verified": false,
        "line_number": 18
      }
    ],
    "platforms/hermes/tests/integration/test_executor_env.py": [
      {
        "type": "Secret Keyword",
        "filename": "platforms/hermes/tests/integration/test_executor_env.py",
        "hashed_secret": "6af5a378fdb0e7d397c9f47c744e5e14195c0228",
        "is_verified": false,
        "line_number": 23
      },
      {
        "type": "Secret Keyword",
        "filename": "platforms/hermes/tests/integration/test_executor_env.py",
        "hashed_secret": "2db22c052f9ffdd51a6c113b37bed6e3a14dd1f5",
        "is_verified": false,
        "line_number": 63
      }
    ],
    "platforms/hermes/tests/unit/test_api_runner.py": [
      {
        "type": "Secret Keyword",
        "filename": "platforms/hermes/tests/unit/test_api_runner.py",
        "hashed_secret": "0b8d37ac0768fc1fc701b0c5e8d2af6d3cb3856b",
        "is_verified": false,
        "line_number": 50
      },
      {
        "type": "Secret Keyword",
        "filename": "platforms/hermes/tests/unit/test_api_runner.py",
        "hashed_secret": "2db22c052f9ffdd51a6c113b37bed6e3a14dd1f5",
        "is_verified": false,
        "line_number": 56
      },
      {
        "type": "Secret Keyword",
        "filename": "platforms/hermes/tests/unit/test_api_runner.py",
        "hashed_secret": "a62f2225bf70bfaccbc7f1ef2a397836717377de",
        "is_verified": false,
        "line_number": 85
      },
      {
        "type": "Secret Keyword",
        "filename": "platforms/hermes/tests/unit/test_api_runner.py",
        "hashed_secret": "c68af6507539ff3ff29797a57375cbe9ddbea9ba",
        "is_verified": false,
        "line_number": 292
      },
      {
        "type": "Secret Keyword",
        "filename": "platforms/hermes/tests/unit/test_api_runner.py",
        "hashed_secret": "02ecb94373bfb3dfe827ca18409f50b016e8302a",
        "is_verified": false,
        "line_number": 301
      },
      {
        "type": "Secret Keyword",
        "filename": "platforms/hermes/tests/unit/test_api_runner.py",
        "hashed_secret": "f514a018f63030cf5c50d8e646fbc581111ab9ed",
        "is_verified": false,
        "line_number": 307
      }
    ],
    "platforms/hermes/tests/unit/test_env_manager.py": [
      {
        "type": "Base64 High Entropy String",
        "filename": "platforms/hermes/tests/unit/test_env_manager.py",
        "hashed_secret": "28d53f90caf59ebd7b5ac1b2e0bf16d64652a7b6",
        "is_verified": false,
        "line_number": 40
      },
      {
        "type": "Secret Keyword",
        "filename": "platforms/hermes/tests/unit/test_env_manager.py",
        "hashed_secret": "fb0123cbab73d8a58896fbe39b8b7b5b6df15c5e",
        "is_verified": false,
        "line_number": 42
      },
      {
        "type": "Base64 High Entropy String",
        "filename": "platforms/hermes/tests/unit/test_env_manager.py",
        "hashed_secret": "58f4639413f45d8c2ead9efaf3697139447ed714",
        "is_verified": false,
        "line_number": 107
      }
    ],
    "platforms/hermes/tests/unit/test_saga_review_orchestrator.py": [
      {
        "type": "Base64 High Entropy String",
        "filename": "platforms/hermes/tests/unit/test_saga_review_orchestrator.py",
        "hashed_secret": "22236f89058a1b6a4a5c2593cf49f32665a2f03f",
        "is_verified": false,
        "line_number": 274
      },
      {
        "type": "Base64 High Entropy String",
        "filename": "platforms/hermes/tests/unit/test_saga_review_orchestrator.py",
        "hashed_secret": "db13e69f9d16da330d0142d4e98dd62f6280ac8b",
        "is_verified": false,
        "line_number": 304
      }
    ],
    "platforms/hermes/tests/unit/test_server.py": [
      {
        "type": "Secret Keyword",
        "filename": "platforms/hermes/tests/unit/test_server.py",
        "hashed_secret": "cf2dd018b16de4cb42a6801e3847da2b2d3f055f",
        "is_verified": false,
        "line_number": 138
      },
      {
        "type": "Secret Keyword",
        "filename": "platforms/hermes/tests/unit/test_server.py",
        "hashed_secret": "f8ca0d7266886f4b5be9adddc9b66017b3bf1a4b",
        "is_verified": false,
        "line_number": 842
      }
    ]
  },
  "generated_at": "2026-05-24T14:16:21Z"
}
